Rolling Greens Golf Club - Membership Report

MemberID  Member Name         Type Gender   
 A1234    Teresa Casey          1    F      
 A1235    Colm Ryan             1    M      
 A1236    Padraig Quinlan       1    M      
 A1237    Brendan Horan         3    M      
 A1238    Kevin Tucker          1    M      
 A1239    Shane Barry           1    M      
 B0234    Maria Donovan         1    F      
 B0301    Liam Lorigan          2    M      
 B0368    Fiachra Luo           1    M      
 B0435    Roseanna Lee          1    F      
 B0502    Sean O'Sullivan       3    M      
 B0569    Seamus Mencke         2    M      
 B0636    Grainne O'Malley      1    M      
 B0703    Sean Moroney          3    M      
 C2345    Maeve Fitzgibbon      1    F      
 C2346    Catherine Xu          2    F      
 C2347    Olivia O'Shea         2    F      
 C2348    Shane Cross           1    M      
 C2349    Philip Fitzgerald     1    M      
 C2350    Eoghan Kaneswaran     1    M      
 C2351    Adrian Lynch          3    M      
 C2352    Rebecca Marley        1    F      
 D6543    Stephen Mulhall       1    M      
 D7211    Rory Organ            1    M      
 D7879    Eddie Real            3    M      
 D8547    Olive Sims            1    F      
 D9215    Thomas Williams       3    M      
 D9883    Daniel Wan            1    M      
 E1211    Eva O'Sullivan        1    F      
 E1212    Eoghan McKeown        3    M      
 E1213    Ciara Murphy          2    F      
 E1214    Martin Tuile          3    M      
 E1215    Aidan O'Halloran      1    M      
 E1216    Stephen Kiely         1    M      
 E1217    Mark Moran            2    M      
 F0001    Liam Smith            1    M      
 F0002    Stephen Dunphy        1    M      




               Page :  1                    Rolling Greens Golf Club - Membership Report

MemberID  Member Name         Type Gender   
 F0003    Niamh Lynch           1    F      
 F0104    Michael Roddy         1    M      
 F0105    Philip Hayes          2    M      
 F0106    Darren Hastings       1    M      
 F0107    Hugh Horgan           1    M      
 F0128    Michael Daughty       1    M      
 F0129    Seamus Higgins        1    M      
 F0130    Peter Harte           1    M      
 F0131    Ruairi Egan           1    M      
 F0132    Karen Brosnan         1    F      
 F0133    Colin Brennan         2    M      
 G0212    Patrick Casey         2    M      
 G0311    Brian Horan           1    M      
 G0410    David Mangan          2    M      
 G0509    Hugh Burns            1    M      
 G0608    Robert Byrne          1    M      
 G0707    Aoife Ryan            1    F      
 G0806    Faela McTernan        2    M      
 H1234    Conor Garvan          1    M      
 H1235    Eoghan O'Toole        2    M      
 H1236    Hao Ming O'Connor     1    M      
 H1237    Donald Hogan          2    M      
 H1238    Ciara Ryan            1    F      
 H1239    Shu Carroll           3    F      
 H1240    Shane Reen            1    M      
 H1241    Matthew Ryan          1    M      
 H1242    William Carty         2    M      
 K0012    Shane Cronin          1    M      
 K0013    Kristofer Geraghty    2    M      
 K0014    Padraig Webster       1    M      
 K0015    David McWeeney        1    M      
 K0016    Sharon Doyle          1    F      
 K0017    Aaron Brady           1    M      
 K0018    Jay Mc Carthy         1    M      
 L0019    Barry Murphy          1    M      
 L0020    Triona  Keyes         1    F      
 L0021    Patrick Gillen        3    M      




               Page :  2                    Rolling Greens Golf Club - Membership Report

MemberID  Member Name         Type Gender   
 L0022    Michael O'Brien       1    M      
 L0023    Donal O'Donoghue      1    M      
 M0024    Mark Deasy            1    M      
 M0025    Joseph  Kiely         2    M      
 M0026    Martin Goodwin        1    M      
 M0027    Mary Maher            1    F      
 M0028    David Hayes           1    M      
 M0029    Kevin Kirwan          1    M      
 M0030    Arthur McCormack      1    M      




**** End of Membership Report ****          