
        Electronics2Go Sales Report
State Name      Branch  SalesId  SalesTotal

Arkansas        KA123    12344M    $111.11
                         12345F    $222.22
                         12347M    $333.33
                         12348F    $444.44
                         12349M    $555.55
                         Branch Total:      $1,666.65

                KA124    23456F    $666.66
                         23457F    $777.77
                         23456F    $888.88
                         Branch Total:      $2,333.31

                KA128    11345F     $33.54
                         44444M  $1,711.16
                         55555M    $166.75
                         Branch Total:      $1,911.45

                KA411    00123F  $4,133.32
                         11111F  $6,177.90
                         22222M  $3,157.05
                         Branch Total:     $13,468.27
                         State Total :     $19,379.68

Florida         LF111    00123F    $188.15
                         33123F     $39.45
                         55123F     $66.55
                         Branch Total:        $294.15

                LF222    12121M     $53.96
                         23232F     $68.35
                         Branch Total:        $122.31

                LF333    23232F     $13.79
                         34343M     $62.55
                         45343F    $106.05
                         Branch Total:        $182.39
                         State Total :        $598.85

New Jersey      JN123    65431M     $28.66
                         66343F     $43.29
                         Branch Total:         $71.95

                JN124    4321M0    $290.60
                         5678F0    $292.20
                         8888F0    $293.80
                         Branch Total:        $876.60

                JN125    0101M0    $518.00
                         34010F     $67.32
                         56421M     $91.02
                         Branch Total:        $676.34

                JN444    14231F     $22.98
                         14233M      $7.68
                         15253F     $30.82
                         26253F    $693.42
                         Branch Total:        $754.90

                JN777    31311M  $1,523.58
                         31321M    $707.88
                         31331M    $807.89
                         31341M  $1,015.81
                         31361M    $515.85
                         31371M  $1,523.85
                         Branch Total:      $6,094.86
                         State Total :      $8,474.65
                         Final Total :     $28,453.18